flowchart TD
  subgraph 129913994 ["(compiler)"]
    id266426620(["unix"])
    style id266426620 fill:#BBB
    id1032204088(["threads"])
    style id1032204088 fill:#BBB
    id55465713(["str"])
    style id55465713 fill:#BBB
    id43195148(["compiler-libs"])
    style id43195148 fill:#BBB
    id995669936(["bytes"])
    style id995669936 fill:#BBB
  end
  subgraph 225091939 ["stdlib-shims"]
    id638246448(["stdlib-shims"])
    style id638246448 fill:#BBB
  end
  subgraph 28765721 ["ounit"]
    id968075601(["oUnit"])
    style id968075601 fill:#BBB
  end
  subgraph 318720853 ["num"]
    id397194575(["num.core"])
    style id397194575 fill:#BBB
    id966411792(["num"])
    style id966411792 fill:#BBB
  end
  subgraph 697139067 ["ounit2"]
    id930160679(["ounit2.advanced"])
    style id930160679 fill:#BBB
    id611593207(["ounit2"])
    style id611593207 fill:#BBB
  end
  subgraph 771236823 ["seq"]
    id767300645(["seq"])
    style id767300645 fill:#BBB
  end
  subgraph 811090752 ["camlp-streams"]
    id680063063(["camlp-streams"])
    style id680063063 fill:#BBB
  end
  subgraph 894734752 ["benchmark"]
    id55240938(["benchmark"])
    style id55240938 fill:#BBB
  end
  subgraph 902546259 ["(local)"]
    
    subgraph 1010796901 ["euler011"]
      id583010191(Euler011)
      id1010796901{"euler011"}
    end
    subgraph 1023891949 ["bench_kahan"]
      id759277567(Bench_kahan)
      id1023891949{"bench_kahan"}
    end
    subgraph 108424310 ["euler022"]
      id402962537(Euler022)
      id108424310{"euler022"}
    end
    subgraph 130270820 ["euler012"]
      id917499354(Euler012)
      id130270820{"euler012"}
    end
    subgraph 14432201 ["bench_int"]
      id549977687(Bench_int)
      id14432201{"bench_int"}
    end
    subgraph 156965197 ["deque"]
      id2706802(Deque)
      id156965197{"deque"}
    end
    subgraph 173375373 ["fsum"]
      id117650247(Fsum)
      id173375373{"fsum"}
    end
    subgraph 18182622 ["euler024"]
      id849705655(Euler024)
      id18182622{"euler024"}
    end
    subgraph 189591663 ["main"]
      id794401258(Test_vect)
      id760283489(Test_uref)
      id391303739(Test_unix)
      id937226412(Test_toplevel)
      id420942260(Test_substring)
      id81492855(Test_string)
      id492065073(Test_stack)
      id652793784(Test_set)
      id535499181(Test_random)
      id984831882(Test_print)
      id1031073023(Test_pmap)
      id562522704(Test_pervasives)
      id952320169(Test_optparse)
      id914061190(Test_num)
      id376968791(Test_multipmap)
      id779061010(Test_modifiable)
      id858730659(Test_mappable)
      id869942290(Test_mapfunctors)
      id875981306(Test_map)
      id733353329(Test_hashtbl)
      id183970783(Test_hashcons)
      id67210556(Test_file)
      id865400282(Test_enum)
      id154204274(Test_dynarray)
      id651544225(Test_digest)
      id103743207(Test_container)
      id1016059603(Test_bounded)
      id1064180650(Test_bitset)
      id725459460(Test_base64)
      id444672804(Myocamlbuild)
      id725600054(Main)
      id189591663{"main"}
    end
    subgraph 192565763 ["dynarray_iter"]
      id589951247(Dynarray_iter)
      id192565763{"dynarray_iter"}
    end
    subgraph 207566780 ["lazylist"]
      id103436016(Lazylist)
      id207566780{"lazylist"}
    end
    subgraph 207612226 ["sequence"]
      id527952428(Sequence)
      id207612226{"sequence"}
    end
    subgraph 222769124 ["euler021"]
      id530558796(Euler021)
      id222769124{"euler021"}
    end
    subgraph 239833632 ["rand_choice"]
      id411751465(Rand_choice)
      id239833632{"rand_choice"}
    end
    subgraph 253222725 ["batteries.inner.threaded"]
      id393455873(BatteriesThread)
      id300900632(Batteries.inner.threaded)
      id122968199(BatRMutex)
      id662510765(BatMutex)
      id253222725(["batteries.inner.threaded"])
    end
    subgraph 309517790 ["mkconf"]
      id687852663(Mkconf)
      id309517790{"mkconf"}
    end
    subgraph 352097301 ["bench"]
      id420871731(Bench)
      id352097301(["bench"])
    end
    subgraph 37903935 ["mid"]
      id330795246(Mid)
      id37903935{"mid"}
    end
    subgraph 384838752 ["euler023"]
      id840260732(Euler023)
      id384838752{"euler023"}
    end
    subgraph 399780968 ["euler067"]
      id532982085(Euler067)
      id399780968{"euler067"}
    end
    subgraph 406639059 ["euler014"]
      id129128630(Euler014)
      id406639059{"euler014"}
    end
    subgraph 457538956 ["prefilter"]
      id614350792(Prefilter)
      id457538956{"prefilter"}
    end
    subgraph 5043403 ["bench_nreplace"]
      id147262841(Bench_nreplace)
      id5043403{"bench_nreplace"}
    end
    subgraph 549271371 ["euler018"]
      id946105871(Euler018)
      id549271371{"euler018"}
    end
    subgraph 553130465 ["batteries.inner.toplevel"]
      id1038971038(BatteriesHelp)
      id826175441(Batteries.inner.toplevel)
      id553130465(["batteries.inner.toplevel"])
    end
    subgraph 565809595 ["euler009"]
      id982639382(Euler009)
      id565809595{"euler009"}
    end
    subgraph 584214941 ["bench_num"]
      id584513422(Bench_num)
      id584214941{"bench_num"}
    end
    subgraph 596302158 ["bench_map"]
      id736134496(Bench_map)
      id596302158{"bench_map"}
    end
    subgraph 604218642 ["grouping"]
      id754852288(Grouping)
      id604218642{"grouping"}
    end
    subgraph 610575085 ["flip"]
      id687576215(Flip)
      id610575085{"flip"}
    end
    subgraph 629370804 ["bench_set_to_seq"]
      id288559249(Bench_set_to_seq)
      id629370804{"bench_set_to_seq"}
    end
    subgraph 6325203 ["euler001"]
      id585096089(Euler001)
      id6325203{"euler001"}
    end
    subgraph 661705696 ["euler013"]
      id471699044(Euler013)
      id661705696{"euler013"}
    end
    subgraph 68564967 ["euler001, euler008, euler009, euler010, euler011, euler012, euler013, euler014, euler018, euler019, euler021, euler022, euler023, euler024, euler067"]
      id749179521(Mathlib)
      id237189919(Euler067)
      id624582572(Euler024)
      id280482709(Euler023)
      id310645668(Euler022)
      id259579807(Euler021)
      id423372122(Euler019)
      id931193211(Euler018)
      id182935672(Euler014)
      id603581616(Euler013)
      id1016127432(Euler012)
      id1019493333(Euler011)
      id281814332(Euler010)
      id97161044(Euler009)
      id357758125(Euler008)
      id834463012(Euler001)
    end
    subgraph 754604398 ["batteries.inner.unthreaded"]
      id122006338(Extlib)
      id603556839(Batteries_compattest)
      id994314999(BatteriesPrint)
      id475314985(BatteriesExceptionless)
      id281162159(BatteriesConfig)
      id449337815(Batteries.inner.unthreaded)
      id205803832(Batteries)
      id1012614741(BatVect)
      id900032(BatUref)
      id158665115(BatUnix)
      id587802981(BatUnit)
      id187776863(BatUTF8)
      id229338390(BatUChar)
      id84852710(BatTuple)
      id882480348(BatText)
      id678867793(BatSys)
      id919308903(BatSubstring)
      id39177686(BatString)
      id472707176(BatStream)
      id729808683(BatStack)
      id607132933(BatSplay)
      id364956332(BatSet)
      id876193665(BatSeq)
      id167435993(BatScanf)
      id848673294(BatReturn)
      id74503289(BatResult)
      id47641341(BatRefList)
      id826003324(BatRef)
      id309426019(BatRandom)
      id722133955(BatQueue)
      id482993344(BatPrintf)
      id54374519(BatPrintexc)
      id1032823114(BatPervasives)
      id782169024(BatPathGen)
      id882483492(BatParserCo)
      id84612138(BatOrd)
      id778795050(BatOption)
      id144724488(BatOptParse)
      id727658443(BatOpaqueInnerSys)
      id1031591854(BatNumber)
      id873167588(BatNum)
      id793646422(BatNativeint)
      id940672041(BatMultiPMap)
      id468736364(BatMultiMap)
      id425744191(BatMarshal)
      id782196899(BatMap)
      id231099014(BatLogger)
      id430090104(BatLog)
      id275671563(BatList)
      id16379231(BatLexing)
      id540173783(BatLazyList)
      id70954048(BatInterfaces)
      id531033982(BatInt64)
      id499777800(BatInt32)
      id780431221(BatInt)
      id217305930(BatInnerWeaktbl)
      id905554567(BatInnerShuffle)
      id125116254(BatInnerPervasives)
      id312594071(BatInnerIO)
      id33001760(BatISet)
      id616252513(BatIO)
      id155930903(BatIMap)
      id573363027(BatHeap)
      id1037655866(BatHashtbl)
      id850586158(BatHashcons)
      id560466390(BatGlobal)
      id267612711(BatGenlex)
      id458287741(BatGc)
      id432515129(BatFormat)
      id899448649(BatFloat)
      id243359581(BatFingerTree)
      id668257300(BatFilename)
      id577147302(BatFile)
      id188873931(BatEnum)
      id35899950(BatEither)
      id403013496(BatDynArray)
      id398070923(BatDllist)
      id309128079(BatDigest)
      id477125739(BatDeque)
      id1029531267(BatConcurrent)
      id467012758(BatConcreteQueue_403)
      id93153060(BatConcreteQueue_402)
      id839146247(BatConcreteQueue)
      id443855539(BatComplex)
      id223995594(BatCharParser)
      id738797881(BatChar)
      id275905936(BatCache)
      id504799054(BatBytesCompat)
      id704002508(BatBytes)
      id306957269(BatBuffer)
      id934198756(BatBounded)
      id468394304(BatBool)
      id529718491(BatBitSet)
      id849877855(BatBigarray)
      id495440319(BatBig_int)
      id35616987(BatBase64)
      id361202971(BatAvlTree)
      id502505936(BatArray)
      id754604398(["batteries.inner.unthreaded"])
    end
    subgraph 781129353 ["bench_set"]
      id633530896(Bench_set)
      id781129353{"bench_set"}
    end
    subgraph 801436905 ["lines_of"]
      id689734490(Lines_of)
      id801436905{"lines_of"}
    end
    subgraph 868536445 ["euler019"]
      id216540601(Euler019)
      id868536445{"euler019"}
    end
    subgraph 904164378 ["euler008"]
      id914748179(Euler008)
      id904164378{"euler008"}
    end
    subgraph 927069799 ["bitset"]
      id599706169(Bitset)
      id927069799{"bitset"}
    end
    subgraph 938869564 ["euler010"]
      id994995103(Euler010)
      id938869564{"euler010"}
    end
    subgraph 970526185 ["qtest_batteries"]
      id767372368(Qtest_batteries)
      id970526185(["qtest_batteries"])
    end
    subgraph 975613260 ["bench_finger_tree_enum"]
      id649994510(Bench_finger_tree_enum)
      id975613260{"bench_finger_tree_enum"}
    end
    subgraph 978306501 ["popcount"]
      id313857315(Popcount)
      id978306501{"popcount"}
    end
  end
  975613260-->754604398
  975613260-->352097301
  id975613260-->id649994510
  14432201-->754604398
  14432201-->352097301
  id14432201-->id549977687
  1023891949-->754604398
  1023891949-->352097301
  id1023891949-->id759277567
  596302158-->754604398
  596302158-->352097301
  id596302158-->id736134496
  5043403-->754604398
  5043403-->352097301
  id5043403-->id147262841
  584214941-->754604398
  584214941-->352097301
  id584214941-->id584513422
  781129353-->id55240938
  781129353-->754604398
  id781129353-->id633530896
  629370804-->754604398
  629370804-->352097301
  id629370804-->id288559249
  927069799-->754604398
  927069799-->352097301
  id927069799-->id599706169
  156965197-->754604398
  156965197-->352097301
  id156965197-->id2706802
  192565763-->754604398
  192565763-->352097301
  id192565763-->id589951247
  6325203-->754604398
  id6325203-->id585096089
  904164378-->754604398
  id904164378-->id914748179
  565809595-->754604398
  id565809595-->id982639382
  938869564-->754604398
  id938869564-->id994995103
  1010796901-->754604398
  id1010796901-->id583010191
  130270820-->754604398
  id130270820-->id917499354
  661705696-->754604398
  id661705696-->id471699044
  406639059-->754604398
  id406639059-->id129128630
  549271371-->754604398
  id549271371-->id946105871
  868536445-->754604398
  id868536445-->id216540601
  222769124-->754604398
  id222769124-->id530558796
  108424310-->754604398
  id108424310-->id402962537
  384838752-->754604398
  id384838752-->id840260732
  18182622-->754604398
  id18182622-->id849705655
  399780968-->754604398
  id399780968-->id532982085
  610575085-->754604398
  610575085-->352097301
  id610575085-->id687576215
  173375373-->754604398
  173375373-->352097301
  id173375373-->id117650247
  604218642-->754604398
  604218642-->352097301
  id604218642-->id754852288
  207566780-->754604398
  207566780-->352097301
  id207566780-->id103436016
  801436905-->754604398
  801436905-->352097301
  id801436905-->id689734490
  189591663-->id968075601
  189591663-->id1032204088
  189591663-->754604398
  id189591663-->id725600054
  37903935-->754604398
  37903935-->352097301
  id37903935-->id330795246
  309517790-->id55465713
  id309517790-->id687852663
  978306501-->754604398
  978306501-->352097301
  id978306501-->id313857315
  457538956-->id55465713
  id457538956-->id614350792
  239833632-->754604398
  239833632-->352097301
  id239833632-->id411751465
  207612226-->754604398
  207612226-->352097301
  id207612226-->id527952428
  id55240938-->id266426620
  id966411792-->id397194575
  id968075601-->id611593207
  id611593207-->id930160679
  id930160679-->id767300645
  id930160679-->id638246448
  id930160679-->id995669936
  id930160679-->id266426620
  id1032204088-->id266426620
  253222725-->id1032204088
  253222725-->754604398
  id253222725-->id300900632
  553130465-->id43195148
  553130465-->id1032204088
  553130465-->754604398
  id553130465-->id826175441
  754604398-->id680063063
  754604398-->id966411792
  754604398-->id55465713
  754604398-->id266426620
  id754604398-->id449337815
  352097301-->id266426620
  id352097301-->id420871731
  id970526185-->id767372368
  id259579807-->id749179521
  id280482709-->id749179521
  id624582572-->id749179521
  id725600054-->id1064180650
  id725600054-->id1016059603
  id725600054-->id103743207
  id725600054-->id651544225
  id725600054-->id154204274
  id725600054-->id865400282
  id725600054-->id67210556
  id725600054-->id183970783
  id725600054-->id733353329
  id725600054-->id875981306
  id725600054-->id869942290
  id725600054-->id858730659
  id725600054-->id779061010
  id725600054-->id376968791
  id725600054-->id914061190
  id725600054-->id952320169
  id725600054-->id562522704
  id725600054-->id535499181
  id725600054-->id652793784
  id725600054-->id492065073
  id725600054-->id420942260
  id725600054-->id760283489
  id300900632-->id393455873
  id393455873-->id662510765
  id393455873-->id122968199
  id826175441-->id1038971038
  id502505936-->id529718491
  id502505936-->id275671563
  id361202971-->id275671563
  id35616987-->id616252513
  id495440319-->id616252513
  id495440319-->id1031591854
  id849877855-->id502505936
  id529718491-->id188873931
  id468394304-->id1031591854
  id934198756-->id1031591854
  id934198756-->id778795050
  id306957269-->id39177686
  id275905936-->id398070923
  id275905936-->id1037655866
  id275905936-->id782196899
  id738797881-->id188873931
  id223995594-->id882483492
  id223995594-->id1012614741
  id443855539-->id267612711
  id477125739-->id275671563
  id309128079-->id616252513
  id398070923-->id188873931
  id403013496-->id529718491
  id403013496-->id780431221
  id188873931-->id70954048
  id188873931-->id826003324
  id577147302-->id849877855
  id668257300-->id1032823114
  id243359581-->id275671563
  id899448649-->id616252513
  id899448649-->id1031591854
  id432515129-->id616252513
  id458287741-->id482993344
  id267612711-->id223995594
  id267612711-->id472707176
  id850586158-->id1037655866
  id850586158-->id678867793
  id1037655866-->id1032823114
  id573363027-->id616252513
  id155930903-->id33001760
  id616252513-->id158665115
  id33001760-->id361202971
  id33001760-->id84852710
  id312594071-->id504799054
  id312594071-->id1029531267
  id312594071-->id217305930
  id125116254-->id778795050
  id780431221-->id1031591854
  id780431221-->id482993344
  id499777800-->id1031591854
  id499777800-->id482993344
  id531033982-->id1031591854
  id531033982-->id482993344
  id540173783-->id782196899
  id16379231-->id616252513
  id275671563-->id35899950
  id275671563-->id905554567
  id275671563-->id364956332
  id430090104-->id275671563
  id231099014-->id919308903
  id782196899-->id899448649
  id782196899-->id780431221
  id782196899-->id499777800
  id782196899-->id531033982
  id782196899-->id793646422
  id782196899-->id876193665
  id425744191-->id312594071
  id468736364-->id782196899
  id468736364-->id364956332
  id940672041-->id782196899
  id940672041-->id364956332
  id793646422-->id616252513
  id793646422-->id1031591854
  id873167588-->id1031591854
  id873167588-->id39177686
  id1031591854-->id188873931
  id144724488-->id47641341
  id778795050-->id482993344
  id882483492-->id540173783
  id882483492-->id1032823114
  id782169024-->id223995594
  id1032823114-->id577147302
  id1032823114-->id425744191
  id54374519-->id312594071
  id482993344-->id306957269
  id722133955-->id839146247
  id722133955-->id188873931
  id309426019-->id502505936
  id826003324-->id312594071
  id826003324-->id84612138
  id47641341-->id275671563
  id74503289-->id1032823114
  id74503289-->id54374519
  id167435993-->id616252513
  id876193665-->id482993344
  id364956332-->id899448649
  id364956332-->id780431221
  id364956332-->id499777800
  id364956332-->id531033982
  id364956332-->id793646422
  id364956332-->id876193665
  id607132933-->id275671563
  id607132933-->id782196899
  id729808683-->id188873931
  id472707176-->id616252513
  id39177686-->id704002508
  id39177686-->id738797881
  id919308903-->id47641341
  id678867793-->id502505936
  id882480348-->id616252513
  id882480348-->id848673294
  id882480348-->id187776863
  id84852710-->id275671563
  id187776863-->id188873931
  id187776863-->id229338390
  id587802981-->id312594071
  id587802981-->id84612138
  id158665115-->id125116254
  id900032-->id616252513
  id1012614741-->id502505936
  id205803832-->id35616987
  id205803832-->id495440319
  id205803832-->id468394304
  id205803832-->id934198756
  id205803832-->id275905936
  id205803832-->id443855539
  id205803832-->id477125739
  id205803832-->id309128079
  id205803832-->id403013496
  id205803832-->id668257300
  id205803832-->id243359581
  id205803832-->id432515129
  id205803832-->id458287741
  id205803832-->id560466390
  id205803832-->id850586158
  id205803832-->id573363027
  id205803832-->id155930903
  id205803832-->id16379231
  id205803832-->id430090104
  id205803832-->id231099014
  id205803832-->id468736364
  id205803832-->id940672041
  id205803832-->id873167588
  id205803832-->id782169024
  id205803832-->id722133955
  id205803832-->id309426019
  id205803832-->id74503289
  id205803832-->id167435993
  id205803832-->id607132933
  id205803832-->id729808683
  id205803832-->id882480348
  id205803832-->id587802981
  id205803832-->id900032
  id449337815-->id93153060
  id449337815-->id467012758
  id449337815-->id727658443
  id449337815-->id281162159
  id449337815-->id475314985
  id449337815-->id994314999
  id449337815-->id603556839
  id449337815-->id122006338
  id475314985-->id205803832
  id994314999-->id403013496
  id994314999-->id782196899
  id994314999-->id364956332
  id994314999-->id882480348
  id603556839-->id205803832
  id122006338-->id35616987
  id122006338-->id398070923
  id122006338-->id403013496
  id122006338-->id560466390
  id122006338-->id1037655866
  id122006338-->id782196899
  id122006338-->id144724488
  id122006338-->id187776863
  