flowchart TD
  subgraph 102489341 ["parsexp"]
    id705946596(["parsexp"])
    style id705946596 fill:#BBB
  end
  subgraph 1029800924 ["opam-file-format"]
    id430993069(["opam-file-format"])
    style id430993069 fill:#BBB
  end
  subgraph 129913994 ["(compiler)"]
    id266426620(["unix"])
    style id266426620 fill:#BBB
    id612096776(["bigarray"])
    style id612096776 fill:#BBB
  end
  subgraph 154672022 ["astring"]
    id96640315(["astring"])
    style id96640315 fill:#BBB
  end
  subgraph 195080345 ["base"]
    id301824178(["base.caml"])
    style id301824178 fill:#BBB
  end
  subgraph 198614204 ["fpath"]
    id365328357(["fpath"])
    style id365328357 fill:#BBB
  end
  subgraph 225091939 ["stdlib-shims"]
    id638246448(["stdlib-shims"])
    style id638246448 fill:#BBB
  end
  subgraph 284891543 ["result"]
    id65125095(["result"])
    style id65125095 fill:#BBB
  end
  subgraph 305955603 ["opam-repository"]
    id523500181(["opam-repository"])
    style id523500181 fill:#BBB
  end
  subgraph 344936565 ["rresult"]
    id779206996(["rresult"])
    style id779206996 fill:#BBB
  end
  subgraph 345009057 ["sexplib0"]
    id267566403(["sexplib0"])
    style id267566403 fill:#BBB
  end
  subgraph 37868010 ["ppx_sexp_conv"]
    id384587701(["ppx_sexp_conv.runtime-lib"])
    style id384587701 fill:#BBB
  end
  subgraph 50838805 ["re"]
    id736186284(["re"])
    style id736186284 fill:#BBB
  end
  subgraph 668538665 ["fmt"]
    id9672888(["fmt"])
    style id9672888 fill:#BBB
  end
  subgraph 736354641 ["ocamlgraph"]
    id932964826(["ocamlgraph"])
    style id932964826 fill:#BBB
  end
  subgraph 737393125 ["sexplib"]
    id769040463(["sexplib"])
    style id769040463 fill:#BBB
  end
  subgraph 74961155 ["bos"]
    id261970978(["bos"])
    style id261970978 fill:#BBB
  end
  subgraph 760144722 ["cmdliner"]
    id316126800(["cmdliner"])
    style id316126800 fill:#BBB
  end
  subgraph 771236823 ["seq"]
    id767300645(["seq"])
    style id767300645 fill:#BBB
  end
  subgraph 796857884 ["opam-format"]
    id27811258(["opam-format"])
    style id27811258 fill:#BBB
  end
  subgraph 86790983 ["logs"]
    id350898877(["logs"])
    style id350898877 fill:#BBB
  end
  subgraph 870055720 ["ppx_deriving"]
    id220745025(["ppx_deriving.runtime"])
    style id220745025 fill:#BBB
  end
  subgraph 881110897 ["opam-core"]
    id125670630(["opam-core"])
    style id125670630 fill:#BBB
  end
  subgraph 902546259 ["(local)"]
    
    subgraph 312718400 ["ocamlgraph_extra"]
      id872997936(Ocamlgraph_extra)
      id157893572(Mermaid)
      id383119909(Graphviz)
      id312718400(["ocamlgraph_extra"])
    end
    subgraph 960557223 ["depgraph"]
      id353306045(Opam_index)
      id233653905(Dune_describe)
      id921091799(Depgraph)
      id960557223{"depgraph"}
    end
  end
  subgraph 997476828 ["opam-state"]
    id549045298(["opam-state"])
    style id549045298 fill:#BBB
  end
  960557223-->id261970978
  960557223-->id316126800
  960557223-->id549045298
  960557223-->id220745025
  960557223-->id384587701
  960557223-->id769040463
  960557223-->312718400
  id960557223-->id921091799
  id261970978-->id9672888
  id261970978-->id365328357
  id261970978-->id350898877
  id261970978-->id779206996
  id261970978-->id266426620
  id365328357-->id96640315
  id932964826-->id638246448
  id125670630-->id932964826
  id125670630-->id736186284
  id125670630-->id612096776
  id27811258-->id125670630
  id27811258-->id430993069
  id523500181-->id27811258
  id549045298-->id523500181
  id705946596-->id301824178
  id705946596-->id267566403
  id220745025-->id65125095
  id384587701-->id267566403
  id736186284-->id767300645
  id769040463-->id705946596
  id769040463-->id612096776
  id612096776-->id266426620
  312718400-->id932964826
  id312718400-->id872997936
  id921091799-->id233653905
  id921091799-->id353306045
  id157893572-->id383119909
  id872997936-->id157893572
  